mode: atomic
telemetry-api-gateway/internal/application/telemetry/query_service.go:16.53,18.2 1 4
telemetry-api-gateway/internal/application/telemetry/query_service.go:21.85,23.2 1 1
telemetry-api-gateway/internal/application/telemetry/query_service.go:26.130,27.53 1 3
telemetry-api-gateway/internal/application/telemetry/query_service.go:27.53,29.3 1 1
telemetry-api-gateway/internal/application/telemetry/query_service.go:30.2,31.18 2 2
telemetry-api-gateway/internal/application/telemetry/query_service.go:31.18,34.3 2 1
telemetry-api-gateway/internal/application/telemetry/query_service.go:35.2,35.16 1 2
telemetry-api-gateway/internal/application/telemetry/query_service.go:35.16,38.3 2 1
telemetry-api-gateway/internal/application/telemetry/query_service.go:39.2,39.57 1 2
telemetry-api-gateway/internal/adapter/ginhttp/handler.go:27.64,29.2 1 8
telemetry-api-gateway/internal/adapter/ginhttp/handler.go:31.53,34.16 3 2
telemetry-api-gateway/internal/adapter/ginhttp/handler.go:34.16,37.3 2 1
telemetry-api-gateway/internal/adapter/ginhttp/handler.go:38.2,38.53 1 1
telemetry-api-gateway/internal/adapter/ginhttp/handler.go:41.60,44.17 3 5
telemetry-api-gateway/internal/adapter/ginhttp/handler.go:44.17,47.3 2 0
telemetry-api-gateway/internal/adapter/ginhttp/handler.go:48.2,49.16 2 5
telemetry-api-gateway/internal/adapter/ginhttp/handler.go:49.16,52.3 2 1
telemetry-api-gateway/internal/adapter/ginhttp/handler.go:53.2,54.16 2 4
telemetry-api-gateway/internal/adapter/ginhttp/handler.go:54.16,55.50 1 2
telemetry-api-gateway/internal/adapter/ginhttp/handler.go:55.50,58.4 2 1
telemetry-api-gateway/internal/adapter/ginhttp/handler.go:59.3,60.9 2 1
telemetry-api-gateway/internal/adapter/ginhttp/handler.go:62.2,62.81 1 2
telemetry-api-gateway/internal/adapter/ginhttp/handler.go:65.74,67.58 2 6
telemetry-api-gateway/internal/adapter/ginhttp/handler.go:67.58,69.18 2 3
telemetry-api-gateway/internal/adapter/ginhttp/handler.go:69.18,71.4 1 1
telemetry-api-gateway/internal/adapter/ginhttp/handler.go:72.3,72.13 1 2
telemetry-api-gateway/internal/adapter/ginhttp/handler.go:74.2,74.56 1 5
telemetry-api-gateway/internal/adapter/ginhttp/handler.go:74.56,76.18 2 2
telemetry-api-gateway/internal/adapter/ginhttp/handler.go:76.18,78.4 1 0
telemetry-api-gateway/internal/adapter/ginhttp/handler.go:79.3,79.11 1 2
telemetry-api-gateway/internal/adapter/ginhttp/handler.go:81.2,81.24 1 5
telemetry-api-gateway/internal/adapter/ginhttp/handler.go:84.52,85.59 1 8
telemetry-api-gateway/internal/adapter/ginhttp/handler.go:85.59,87.3 1 6
telemetry-api-gateway/internal/adapter/ginhttp/handler.go:88.2,89.16 2 2
telemetry-api-gateway/internal/adapter/ginhttp/handler.go:89.16,91.3 1 2
telemetry-api-gateway/internal/adapter/ginhttp/handler.go:92.2,92.15 1 0
telemetry-api-gateway/internal/adapter/ginhttp/handler.go:121.62,123.25 2 2
telemetry-api-gateway/internal/adapter/ginhttp/handler.go:123.25,137.3 1 1
telemetry-api-gateway/internal/adapter/ginhttp/handler.go:138.2,138.12 1 2
telemetry-api-gateway/internal/adapter/ginhttp/router.go:10.50,13.41 3 1
telemetry-api-gateway/internal/adapter/ginhttp/router.go:13.41,15.3 1 1
telemetry-api-gateway/internal/adapter/ginhttp/router.go:16.2,17.2 2 1
telemetry-api-gateway/internal/adapter/ginhttp/router.go:17.2,20.3 2 1
telemetry-api-gateway/internal/adapter/ginhttp/router.go:21.2,21.10 1 1
telemetry-api-gateway/internal/bootstrap/module.go:32.82,34.2 1 0
telemetry-api-gateway/internal/bootstrap/module.go:37.85,39.2 1 0
telemetry-api-gateway/internal/bootstrap/module.go:41.73,43.16 2 0
telemetry-api-gateway/internal/bootstrap/module.go:43.16,45.3 1 0
telemetry-api-gateway/internal/bootstrap/module.go:46.2,47.44 1 0
telemetry-api-gateway/internal/bootstrap/module.go:47.44,49.4 1 0
telemetry-api-gateway/internal/bootstrap/module.go:50.39,53.4 2 0
telemetry-api-gateway/internal/bootstrap/module.go:55.2,55.18 1 0
telemetry-api-gateway/internal/bootstrap/module.go:58.77,65.44 2 0
telemetry-api-gateway/internal/bootstrap/module.go:65.44,67.14 2 0
telemetry-api-gateway/internal/bootstrap/module.go:67.14,68.79 1 0
telemetry-api-gateway/internal/bootstrap/module.go:68.79,70.6 1 0
telemetry-api-gateway/internal/bootstrap/module.go:72.4,72.14 1 0
telemetry-api-gateway/internal/bootstrap/module.go:74.43,78.4 3 0
telemetry-api-gateway/cmd/api/main.go:10.13,14.2 1 0
telemetry-api-gateway/internal/adapter/postgres/migrate.go:14.61,17.2 2 0
telemetry-api-gateway/internal/adapter/postgres/repository.go:21.70,23.2 1 0
telemetry-api-gateway/internal/adapter/postgres/repository.go:25.89,28.16 3 0
telemetry-api-gateway/internal/adapter/postgres/repository.go:28.16,30.3 1 0
telemetry-api-gateway/internal/adapter/postgres/repository.go:31.2,34.18 3 0
telemetry-api-gateway/internal/adapter/postgres/repository.go:34.18,36.40 2 0
telemetry-api-gateway/internal/adapter/postgres/repository.go:36.40,38.4 1 0
telemetry-api-gateway/internal/adapter/postgres/repository.go:39.3,39.24 1 0
telemetry-api-gateway/internal/adapter/postgres/repository.go:41.2,41.35 1 0
telemetry-api-gateway/internal/adapter/postgres/repository.go:41.35,43.3 1 0
telemetry-api-gateway/internal/adapter/postgres/repository.go:44.2,44.17 1 0
telemetry-api-gateway/internal/adapter/postgres/repository.go:47.139,56.16 3 0
telemetry-api-gateway/internal/adapter/postgres/repository.go:56.16,58.3 1 0
telemetry-api-gateway/internal/adapter/postgres/repository.go:59.2,62.18 3 0
telemetry-api-gateway/internal/adapter/postgres/repository.go:62.18,76.17 2 0
telemetry-api-gateway/internal/adapter/postgres/repository.go:76.17,78.4 1 0
telemetry-api-gateway/internal/adapter/postgres/repository.go:79.3,79.23 1 0
telemetry-api-gateway/internal/adapter/postgres/repository.go:81.2,81.35 1 0
telemetry-api-gateway/internal/adapter/postgres/repository.go:81.35,83.3 1 0
telemetry-api-gateway/internal/adapter/postgres/repository.go:84.2,84.17 1 0
telemetry-api-gateway/internal/platform/config/config.go:15.29,17.14 2 0
telemetry-api-gateway/internal/platform/config/config.go:17.14,19.3 1 0
telemetry-api-gateway/internal/platform/config/config.go:20.2,21.16 2 0
telemetry-api-gateway/internal/platform/config/config.go:21.16,23.3 1 0
telemetry-api-gateway/internal/platform/config/config.go:24.2,24.53 1 0
telemetry-api-gateway/internal/platform/config/config.go:28.24,30.16 2 0
telemetry-api-gateway/internal/platform/config/config.go:30.16,31.40 1 0
telemetry-api-gateway/internal/platform/config/config.go:33.2,33.10 1 0
